--------------------------------------------------------------------------------
Lattice Synthesis Timing Report, Version  
Thu Dec 13 14:16:08 2018

Copyright (c) 1991-1994 by NeoCAD Inc. All rights reserved.
Copyright (c) 1995 AT&T Corp.   All rights reserved.
Copyright (c) 1995-2001 Lucent Technologies Inc.  All rights reserved.
Copyright (c) 2001 Agere Systems   All rights reserved.
Copyright (c) 2002-2016 Lattice Semiconductor Corporation,  All rights reserved.

Report Information
------------------
Design:     divide
Constraint file:  
Report level:    verbose report, limited to 3 items per constraint
--------------------------------------------------------------------------------



================================================================================
Constraint: create_clock -period 1000.000000 -name clk0 [get_nets clk_c]
            34 items scored, 0 timing errors detected.
--------------------------------------------------------------------------------


Passed:  The following path meets requirements by 996.247ns

 Logical Details:  Cell type  Pin type       Cell name  (clock net +/-)

   Source:         FD1S3IX    CK             cnt_p_47__i0  (from clk_c +)
   Destination:    FD1S3IX    CD             cnt_p_47__i2  (to clk_c +)

   Delay:                   3.593ns  (26.1% logic, 73.9% route), 2 logic levels.

 Constraint Details:

      3.593ns data_path cnt_p_47__i0 to cnt_p_47__i2 meets
    1000.000ns delay constraint less
      0.160ns L_S requirement (totaling 999.840ns) by 996.247ns

 Path Details: cnt_p_47__i0 to cnt_p_47__i2

   Name    Fanout   Delay (ns)          Pins               Resource(Cell.Net)
L_CO        ---     0.444             CK to Q              cnt_p_47__i0 (from clk_c)
Route         4   e 1.398                                  n3
LUT4        ---     0.493              C to Z              i113_3_lut
Route         3   e 1.258                                  n140
                  --------
                    3.593  (26.1% logic, 73.9% route), 2 logic levels.


Passed:  The following path meets requirements by 996.247ns

 Logical Details:  Cell type  Pin type       Cell name  (clock net +/-)

   Source:         FD1S3IX    CK             cnt_p_47__i0  (from clk_c +)
   Destination:    FD1S3IX    CD             cnt_p_47__i0  (to clk_c +)

   Delay:                   3.593ns  (26.1% logic, 73.9% route), 2 logic levels.

 Constraint Details:

      3.593ns data_path cnt_p_47__i0 to cnt_p_47__i0 meets
    1000.000ns delay constraint less
      0.160ns L_S requirement (totaling 999.840ns) by 996.247ns

 Path Details: cnt_p_47__i0 to cnt_p_47__i0

   Name    Fanout   Delay (ns)          Pins               Resource(Cell.Net)
L_CO        ---     0.444             CK to Q              cnt_p_47__i0 (from clk_c)
Route         4   e 1.398                                  n3
LUT4        ---     0.493              C to Z              i113_3_lut
Route         3   e 1.258                                  n140
                  --------
                    3.593  (26.1% logic, 73.9% route), 2 logic levels.


Passed:  The following path meets requirements by 996.247ns

 Logical Details:  Cell type  Pin type       Cell name  (clock net +/-)

   Source:         FD1S3IX    CK             cnt_p_47__i0  (from clk_c +)
   Destination:    FD1S3IX    CD             cnt_p_47__i1  (to clk_c +)

   Delay:                   3.593ns  (26.1% logic, 73.9% route), 2 logic levels.

 Constraint Details:

      3.593ns data_path cnt_p_47__i0 to cnt_p_47__i1 meets
    1000.000ns delay constraint less
      0.160ns L_S requirement (totaling 999.840ns) by 996.247ns

 Path Details: cnt_p_47__i0 to cnt_p_47__i1

   Name    Fanout   Delay (ns)          Pins               Resource(Cell.Net)
L_CO        ---     0.444             CK to Q              cnt_p_47__i0 (from clk_c)
Route         4   e 1.398                                  n3
LUT4        ---     0.493              C to Z              i113_3_lut
Route         3   e 1.258                                  n140
                  --------
                    3.593  (26.1% logic, 73.9% route), 2 logic levels.

Report: 3.753 ns is the maximum delay for this constraint.


Timing Report Summary
--------------
--------------------------------------------------------------------------------
Constraint                              |   Constraint|       Actual|Levels
--------------------------------------------------------------------------------
                                        |             |             |
create_clock -period 1000.000000 -name  |             |             |
clk0 [get_nets clk_c]                   |  1000.000 ns|     3.753 ns|     2  
                                        |             |             |
--------------------------------------------------------------------------------


All constraints were met.



Timing summary:
---------------

Timing errors: 0  Score: 0

Constraints cover  34 paths, 18 nets, and 45 connections (88.2% coverage)


Peak memory: 56610816 bytes, TRCE: 1429504 bytes, DLYMAN: 0 bytes
CPU_TIME_REPORT: 0 secs 
